// Jest Snapshot v1, https://goo.gl/fbAQLP

exports[`tab_groupのテスト コンポーネントのてすと スナップショットが前回の結果と一致しているかどうか 1`] = `
Array [
  <p
    className="MuiTypography-root MuiTypography-body1 css-4oopdw-MuiTypography-root"
    data-testid="title"
  >
    登録されたタブグループ
  </p>,
  <div
    className="MuiPaper-root MuiPaper-elevation MuiPaper-rounded MuiPaper-elevation1 MuiTableContainer-root css-11xur9t-MuiPaper-root-MuiTableContainer-root"
    style={
      Object {
        "marginBottom": 30,
      }
    }
  >
    <div />
    <table
      className="MuiTable-root css-rqglhn-MuiTable-root"
      role={null}
    >
      <thead
        className="MuiTableHead-root css-15wwp11-MuiTableHead-root"
        role={null}
      >
        <tr
          className="MuiTableRow-root MuiTableRow-hover MuiTableRow-head css-1q1u3t4-MuiTableRow-root"
          role={null}
        >
          <th
            aria-sort={null}
            className="MuiTableCell-root MuiTableCell-head MuiTableCell-sizeMedium css-1ygcj2i-MuiTableCell-root"
            scope="col"
          />
          <th
            aria-sort={null}
            className="MuiTableCell-root MuiTableCell-head MuiTableCell-alignCenter MuiTableCell-sizeMedium css-1ndpvdd-MuiTableCell-root"
            scope="col"
            style={
              Object {
                "width": 400,
              }
            }
          >
            タブグループ名
             
          </th>
          <th
            aria-sort={null}
            className="MuiTableCell-root MuiTableCell-head MuiTableCell-alignCenter MuiTableCell-sizeMedium css-1ndpvdd-MuiTableCell-root"
            scope="col"
            style={
              Object {
                "width": 150,
              }
            }
          >
            タブ色
          </th>
          <th
            aria-sort={null}
            className="MuiTableCell-root MuiTableCell-head MuiTableCell-alignCenter MuiTableCell-sizeMedium css-1ndpvdd-MuiTableCell-root"
            scope="col"
          >
            url
          </th>
        </tr>
      </thead>
      <tbody
        className="MuiTableBody-root css-apqrd9-MuiTableBody-root"
        role={null}
      >
        <tr
          className="MuiTableRow-root css-34nofg-MuiTableRow-root"
          onClick={[Function]}
          role="checkbox"
        >
          <td
            aria-sort={null}
            className="MuiTableCell-root MuiTableCell-body MuiTableCell-paddingCheckbox MuiTableCell-sizeMedium css-1nf681w-MuiTableCell-root"
          >
            <span
              className="MuiCheckbox-root MuiCheckbox-colorPrimary MuiButtonBase-root MuiCheckbox-root MuiCheckbox-colorPrimary PrivateSwitchBase-root css-12wnr2w-MuiButtonBase-root-MuiCheckbox-root"
              onBlur={[Function]}
              onContextMenu={[Function]}
              onDragLeave={[Function]}
              onFocus={[Function]}
              onKeyDown={[Function]}
              onKeyUp={[Function]}
              onMouseDown={[Function]}
              onMouseLeave={[Function]}
              onMouseUp={[Function]}
              onTouchEnd={[Function]}
              onTouchMove={[Function]}
              onTouchStart={[Function]}
              tabIndex={null}
            >
              <input
                aria-labelledby="enhanced-table-checkbox-0"
                checked={false}
                className="PrivateSwitchBase-input css-1m9pwf3"
                data-indeterminate={false}
                onChange={[Function]}
                type="checkbox"
              />
              <svg
                aria-hidden={true}
                className="MuiSvgIcon-root MuiSvgIcon-fontSizeMedium css-i4bv87-MuiSvgIcon-root"
                data-testid="CheckBoxOutlineBlankIcon"
                focusable="false"
                viewBox="0 0 24 24"
              >
                <path
                  d="M19 5v14H5V5h14m0-2H5c-1.1 0-2 .9-2 2v14c0 1.1.9 2 2 2h14c1.1 0 2-.9 2-2V5c0-1.1-.9-2-2-2z"
                />
              </svg>
            </span>
          </td>
          <th
            aria-sort={null}
            className="MuiTableCell-root MuiTableCell-body MuiTableCell-alignCenter MuiTableCell-paddingNone MuiTableCell-sizeMedium css-xp0e6b-MuiTableCell-root"
            id="enhanced-table-checkbox-0"
            scope="row"
          >
            テスト
          </th>
          <td
            aria-sort={null}
            className="MuiTableCell-root MuiTableCell-body MuiTableCell-alignCenter MuiTableCell-sizeMedium css-1yhpg23-MuiTableCell-root"
          >
            grey
          </td>
          <td
            aria-sort={null}
            className="MuiTableCell-root MuiTableCell-body MuiTableCell-sizeMedium css-1ex1afd-MuiTableCell-root"
          >
            https://google.com
          </td>
        </tr>
        <tr
          className="MuiTableRow-root css-34nofg-MuiTableRow-root"
          onClick={[Function]}
          role="checkbox"
        >
          <td
            aria-sort={null}
            className="MuiTableCell-root MuiTableCell-body MuiTableCell-paddingCheckbox MuiTableCell-sizeMedium css-1nf681w-MuiTableCell-root"
          >
            <span
              className="MuiCheckbox-root MuiCheckbox-colorPrimary MuiButtonBase-root MuiCheckbox-root MuiCheckbox-colorPrimary PrivateSwitchBase-root css-12wnr2w-MuiButtonBase-root-MuiCheckbox-root"
              onBlur={[Function]}
              onContextMenu={[Function]}
              onDragLeave={[Function]}
              onFocus={[Function]}
              onKeyDown={[Function]}
              onKeyUp={[Function]}
              onMouseDown={[Function]}
              onMouseLeave={[Function]}
              onMouseUp={[Function]}
              onTouchEnd={[Function]}
              onTouchMove={[Function]}
              onTouchStart={[Function]}
              tabIndex={null}
            >
              <input
                aria-labelledby="enhanced-table-checkbox-1"
                checked={false}
                className="PrivateSwitchBase-input css-1m9pwf3"
                data-indeterminate={false}
                onChange={[Function]}
                type="checkbox"
              />
              <svg
                aria-hidden={true}
                className="MuiSvgIcon-root MuiSvgIcon-fontSizeMedium css-i4bv87-MuiSvgIcon-root"
                data-testid="CheckBoxOutlineBlankIcon"
                focusable="false"
                viewBox="0 0 24 24"
              >
                <path
                  d="M19 5v14H5V5h14m0-2H5c-1.1 0-2 .9-2 2v14c0 1.1.9 2 2 2h14c1.1 0 2-.9 2-2V5c0-1.1-.9-2-2-2z"
                />
              </svg>
            </span>
          </td>
          <th
            aria-sort={null}
            className="MuiTableCell-root MuiTableCell-body MuiTableCell-alignCenter MuiTableCell-paddingNone MuiTableCell-sizeMedium css-xp0e6b-MuiTableCell-root"
            id="enhanced-table-checkbox-1"
            scope="row"
          >
            テスト2
          </th>
          <td
            aria-sort={null}
            className="MuiTableCell-root MuiTableCell-body MuiTableCell-alignCenter MuiTableCell-sizeMedium css-1yhpg23-MuiTableCell-root"
          >
            red
          </td>
          <td
            aria-sort={null}
            className="MuiTableCell-root MuiTableCell-body MuiTableCell-sizeMedium css-1ex1afd-MuiTableCell-root"
          >
            https://yahoo.co.jp
          </td>
        </tr>
      </tbody>
    </table>
  </div>,
]
`;
