// Jest Snapshot v1, https://goo.gl/fbAQLP

exports[`option_pageの試験 コンポーネントテスト スナップショットが前回の結果と一致しているかどうか 1`] = `
Array [
  <div
    className="new-tab-group"
  >
    <p>
      新しいタブグループを作成
    </p>
    <input
      name="tabName"
      onChange={[Function]}
      placeholder="グループ名"
      type="text"
      value=""
    />
    <select
      onChange={[Function]}
    >
      <option
        value="grey"
      >
        grey
      </option>
      <option
        value="blue"
      >
        blue
      </option>
      <option
        value="red"
      >
        red
      </option>
      <option
        value="yellow"
      >
        yellow
      </option>
      <option
        value="green"
      >
        green
      </option>
      <option
        value="pink"
      >
        pink
      </option>
      <option
        value="purple"
      >
        purple
      </option>
      <option
        value="cyan"
      >
        cyan
      </option>
    </select>
    <button
      data-testid="createTabGroupButton"
      onClick={[Function]}
    >
      作成
    </button>
  </div>,
  <div
    className="new-url-to-group"
  >
    <p>
      URLをグループに追加
    </p>
    <input
      name="url"
      onChange={[Function]}
      placeholder="URL"
      style={
        Object {
          "width": "300px",
        }
      }
      type="text"
    />
    <select
      onChange={[Function]}
    />
    <button
      onClick={[Function]}
    >
      作成
    </button>
  </div>,
]
`;
