// Jest Snapshot v1, https://goo.gl/fbAQLP

exports[`tab_groupのテスト コンポーネントのてすと スナップショットが前回の結果と一致しているかどうか 1`] = `
<table>
  <thead
    className="table-dark"
  >
    <tr>
      <th
        scope="col-1"
      >
        id
      </th>
      <th
        scope="col-2"
      >
        色
      </th>
      <th
        scope="col-3"
      >
        タブ名
      </th>
      <th
        scope="col-4"
      >
        url
      </th>
    </tr>
  </thead>
  <tbody>
    <tr>
      <td
        data-testid={1}
      >
        1
      </td>
      <td
        data-testid={1}
      >
        grey
      </td>
      <td
        data-testid={1}
      >
        テスト
      </td>
      <td
        data-testid={1}
      >
        https://google.com
      </td>
    </tr>
    <tr>
      <td
        data-testid={2}
      >
        2
      </td>
      <td
        data-testid={2}
      >
        red
      </td>
      <td
        data-testid={2}
      >
        テスト2
      </td>
      <td
        data-testid={2}
      >
        https://yahoo.co.jp
      </td>
    </tr>
  </tbody>
</table>
`;
